error: indexing into a vector may panic
  --> tests/ui/match_on_vec_items_nofix.rs:8:11
   |
LL |     match arr[1] {
   |           ^^^^^^ help: try: `arr.get(1)`
   |
   = note: `-D clippy::match-on-vec-items` implied by `-D warnings`
   = help: to override `-D warnings` add `#[allow(clippy::match_on_vec_items)]`

error: aborting due to 1 previous error

