error: indexing into a vector may panic
  --> tests/ui/match_on_vec_items.rs:10:11
   |
LL |     match arr[idx] {
   |           ^^^^^^^^
   |
   = note: `-D clippy::match-on-vec-items` implied by `-D warnings`
   = help: to override `-D warnings` add `#[allow(clippy::match_on_vec_items)]`
help: try
   |
LL ~     match arr.get(idx) {
LL |
LL |
LL ~         Some(0) => println!("0"),
LL ~         Some(1) => println!("1"),
   |

error: indexing into a vector may panic
  --> tests/ui/match_on_vec_items.rs:19:11
   |
LL |     match arr[range] {
   |           ^^^^^^^^^^
   |
help: try
   |
LL ~     match arr.get(range) {
LL |
LL ~         Some([0, 1]) => println!("0 1"),
LL ~         Some([1, 2]) => println!("1 2"),
   |

error: indexing into a vector may panic
  --> tests/ui/match_on_vec_items.rs:33:11
   |
LL |     match arr[idx] {
   |           ^^^^^^^^
   |
help: try
   |
LL ~     match arr.get(idx) {
LL |
LL ~         Some(0) => println!("0"),
LL ~         Some(1) => println!("1"),
LL ~         Some(num) => {}
LL ~         None => {},
   |

error: indexing into a vector may panic
  --> tests/ui/match_on_vec_items.rs:41:11
   |
LL |     match arr[range] {
   |           ^^^^^^^^^^
   |
help: try
   |
LL ~     match arr.get(range) {
LL |
LL ~         Some([0, 1]) => println!("0 1"),
LL ~         Some([1, 2]) => println!("1 2"),
LL ~         Some([ref sub @ ..]) => {}
LL ~         None => {},
   |

error: indexing into a vector may panic
  --> tests/ui/match_on_vec_items.rs:55:11
   |
LL |     match arr[idx] {
   |           ^^^^^^^^
   |
help: try
   |
LL ~     match arr.get(idx) {
LL |
LL ~         Some(0) => println!("0"),
LL ~         Some(1) => println!("1"),
   |

error: indexing into a vector may panic
  --> tests/ui/match_on_vec_items.rs:63:11
   |
LL |     match arr[range] {
   |           ^^^^^^^^^^
   |
help: try
   |
LL ~     match arr.get(range) {
LL |
LL ~         Some([0, 1]) => println!("0 1"),
LL ~         Some([1, 2]) => println!("1 2"),
   |

error: indexing into a vector may panic
  --> tests/ui/match_on_vec_items.rs:77:11
   |
LL |     match arr[idx] {
   |           ^^^^^^^^
   |
help: try
   |
LL ~     match arr.get(idx) {
LL |
LL ~         Some(0) => println!("0"),
LL ~         Some(1) => println!("1"),
   |

error: indexing into a vector may panic
  --> tests/ui/match_on_vec_items.rs:85:11
   |
LL |     match arr[range] {
   |           ^^^^^^^^^^
   |
help: try
   |
LL ~     match arr.get(range) {
LL |
LL ~         Some([0, 1]) => println!("0 1"),
LL ~         Some([1, 2]) => println!("1 2"),
   |

error: indexing into a vector may panic
  --> tests/ui/match_on_vec_items.rs:156:11
   |
LL |     match arr[1] {
   |           ^^^^^^
   |
help: try
   |
LL ~     match arr.get(1) {
LL |
LL ~         Some(0 | 1) => println!("0 or 1"),
   |

error: aborting due to 9 previous errors

