error: you assigned the result of adding something to this string. Consider using `String::push_str()` instead
  --> tests/ui/string_add_assign.rs:8:9
   |
LL |         x = x + ".";
   |         ^^^^^^^^^^^
   |
   = note: `-D clippy::string-add-assign` implied by `-D warnings`
   = help: to override `-D warnings` add `#[allow(clippy::string_add_assign)]`

error: aborting due to 1 previous error

